# 2026-10-06T12:25:51Z linux/arm64 sqlite_arm64.test -test.v -test.timeout=8h -test.skip='^TestOFDLock(SurvivesOSClose|InterleavedReadersWrite|ReadOnlyFirstLocker|FailedFirstLock)$|^TestOFDLockingSetter$' 
# host: Linux 6.18.33.2-microsoft-standard-WSL2 x86_64; emulator: qemu-aarch64-static
qemu-aarch64 version 10.0.13 (Debian 1:10.0.13+ds-0+deb13u1)
test binary compiled for linux/arm64
=== RUN   TestNamedParameters
--- PASS: TestNamedParameters (0.15s)
=== RUN   TestIssue118
    all_test.go:246: Memory leak via libc.NewTLS:
        syscall.init.func1 (/home/fmoehlenhoff/.local/go1.27.1/src/syscall/env_unix.go:32)
        sync.OnceFunc.func1.1 (/home/fmoehlenhoff/.local/go1.27.1/src/sync/oncefunc.go:33)
        sync.(*Once).doSlow (/home/fmoehlenhoff/.local/go1.27.1/src/sync/once.go:78)
        sync.(*Once).Do (/home/fmoehlenhoff/.local/go1.27.1/src/sync/once.go:69)
        sync.OnceFunc.func1 (/home/fmoehlenhoff/.local/go1.27.1/src/sync/oncefunc.go:22)
        syscall.Environ (/home/fmoehlenhoff/.local/go1.27.1/src/syscall/env_unix.go:136)
        os.Environ (/home/fmoehlenhoff/.local/go1.27.1/src/os/env.go:140)
        modernc.org/libc.NewTLS.func1 (/home/fmoehlenhoff/go/pkg/mod/modernc.org/libc@v1.77.1/libc_musl.go:296)
        sync.(*Once).doSlow (/home/fmoehlenhoff/.local/go1.27.1/src/sync/once.go:78)
        sync.(*Once).Do (/home/fmoehlenhoff/.local/go1.27.1/src/sync/once.go:69)
        modernc.org/libc.NewTLS (/home/fmoehlenhoff/go/pkg/mod/modernc.org/libc@v1.77.1/libc_musl.go:295)
        modernc.org/sqlite/vec.init.0 (/home/fmoehlenhoff/go/pkg/mod/modernc.org/sqlite@v1.60.1/vec/patches.go:45)
        runtime.doInit1 (/home/fmoehlenhoff/.local/go1.27.1/src/runtime/proc.go:8154)
        runtime.doInit (/home/fmoehlenhoff/.local/go1.27.1/src/runtime/proc.go:8121)
        runtime.main (/home/fmoehlenhoff/.local/go1.27.1/src/runtime/proc.go:269)
--- FAIL: TestIssue118 (26.66s)
=== RUN   TestIssue100
--- PASS: TestIssue100 (0.01s)
=== RUN   TestIssue98
--- PASS: TestIssue98 (0.04s)
=== RUN   TestIssue97
--- PASS: TestIssue97 (0.04s)
=== RUN   TestScalar
--- PASS: TestScalar (0.05s)
=== RUN   TestBlob
--- PASS: TestBlob (0.04s)
=== RUN   TestIssue11
--- PASS: TestIssue11 (0.35s)
=== RUN   TestMemDB
--- PASS: TestMemDB (1.84s)
=== RUN   TestConcurrentGoroutines
    all_test.go:740: 8 goroutines concurrently inserted 40000 rows in 1.598998274s
    all_test.go:743: recursively invoking this test with -race
    all_test.go:762: FAIL err=exec: "go": executable file not found in $PATH out=
--- FAIL: TestConcurrentGoroutines (1.97s)
=== RUN   TestSingleConn
=== RUN   TestSingleConn/single_conn
    all_test.go:874: 100 goroutines concurrently inserted 500000 rows in 27.040582962s
=== RUN   TestSingleConn/multiple_conns
    all_test.go:874: 100 goroutines concurrently inserted 500000 rows in 23.809218012s
--- PASS: TestSingleConn (67.22s)
    --- PASS: TestSingleConn/single_conn (36.04s)
    --- PASS: TestSingleConn/multiple_conns (31.18s)
=== RUN   TestIssue19
--- PASS: TestIssue19 (0.13s)
=== RUN   TestIssue20
--- PASS: TestIssue20 (2.76s)
=== RUN   TestNoRows
--- PASS: TestNoRows (0.02s)
=== RUN   TestColumns
--- PASS: TestColumns (0.01s)
=== RUN   TestColumnsNoRows
--- PASS: TestColumnsNoRows (0.01s)
=== RUN   TestIssue28
--- PASS: TestIssue28 (0.03s)
=== RUN   TestColumnTypes
    all_test.go:1255: Col 0: DatabaseTypeName "INTEGER", DecimalSize 0 0 false, Length 0 false, Name "uid", Nullable true true, ScanType "int64"
        Col 1: DatabaseTypeName "VARCHAR(64)", DecimalSize 0 0 false, Length 9223372036854775807 true, Name "username", Nullable true true, ScanType "string"
        Col 2: DatabaseTypeName "VARCHAR(64)", DecimalSize 0 0 false, Length 9223372036854775807 true, Name "departname", Nullable true true, ScanType "string"
        Col 3: DatabaseTypeName "DATE", DecimalSize 0 0 false, Length 9223372036854775807 true, Name "created", Nullable true true, ScanType "string"
        
--- PASS: TestColumnTypes (0.06s)
=== RUN   TestColumnTypesNoRows
    all_test.go:1318: Col 0: DatabaseTypeName "INTEGER", DecimalSize 0 0 false, Length 0 false, Name "uid", Nullable true true, ScanType %!q(<nil>)
        Col 1: DatabaseTypeName "VARCHAR(64)", DecimalSize 0 0 false, Length 0 false, Name "username", Nullable true true, ScanType %!q(<nil>)
        Col 2: DatabaseTypeName "VARCHAR(64)", DecimalSize 0 0 false, Length 0 false, Name "departname", Nullable true true, ScanType %!q(<nil>)
        Col 3: DatabaseTypeName "DATE", DecimalSize 0 0 false, Length 0 false, Name "created", Nullable true true, ScanType %!q(<nil>)
        
--- PASS: TestColumnTypesNoRows (0.03s)
=== RUN   TestTime
--- PASS: TestTime (0.04s)
=== RUN   TestTimeScan
--- PASS: TestTimeScan (0.15s)
=== RUN   TestTimeLocaltime
--- PASS: TestTimeLocaltime (0.01s)
=== RUN   TestTimeFormat
=== RUN   TestTimeFormat/#00
=== RUN   TestTimeFormat/#01
=== RUN   TestTimeFormat/#02
--- PASS: TestTimeFormat (0.02s)
    --- PASS: TestTimeFormat/#00 (0.00s)
    --- PASS: TestTimeFormat/#01 (0.01s)
    --- PASS: TestTimeFormat/#02 (0.00s)
=== RUN   TestIntegerFormat
=== RUN   TestIntegerFormat/#00
=== RUN   TestIntegerFormat/#01
=== RUN   TestIntegerFormat/#02
=== RUN   TestIntegerFormat/#03
--- PASS: TestIntegerFormat (0.03s)
    --- PASS: TestIntegerFormat/#00 (0.01s)
    --- PASS: TestIntegerFormat/#01 (0.01s)
    --- PASS: TestIntegerFormat/#02 (0.01s)
    --- PASS: TestIntegerFormat/#03 (0.01s)
=== RUN   TestTimeFormatBad
--- PASS: TestTimeFormatBad (0.00s)
=== RUN   TestTimezone
=== RUN   TestTimezone/write
=== RUN   TestTimezone/write/UTC/sqlite
=== RUN   TestTimezone/write/America/New_York/sqlite
=== RUN   TestTimezone/write/UTC/
=== RUN   TestTimezone/read_with_tz
=== RUN   TestTimezone/read_with_tz/Z_suffix
=== RUN   TestTimezone/read_with_tz/explicit_offset
=== RUN   TestTimezone/read_with_tz/time_string_format
=== RUN   TestTimezone/read_with_tz/offset_differs_from_target_tz
=== RUN   TestTimezone/read
=== RUN   TestTimezone/read_integer
=== RUN   TestTimezone/roundtrip
=== RUN   TestTimezone/roundtrip/default_format
=== RUN   TestTimezone/roundtrip/sqlite_format
--- PASS: TestTimezone (0.06s)
    --- PASS: TestTimezone/write (0.02s)
        --- PASS: TestTimezone/write/UTC/sqlite (0.01s)
        --- PASS: TestTimezone/write/America/New_York/sqlite (0.01s)
        --- PASS: TestTimezone/write/UTC/ (0.00s)
    --- PASS: TestTimezone/read_with_tz (0.01s)
        --- PASS: TestTimezone/read_with_tz/Z_suffix (0.00s)
        --- PASS: TestTimezone/read_with_tz/explicit_offset (0.00s)
        --- PASS: TestTimezone/read_with_tz/time_string_format (0.00s)
        --- PASS: TestTimezone/read_with_tz/offset_differs_from_target_tz (0.00s)
    --- PASS: TestTimezone/read (0.01s)
    --- PASS: TestTimezone/read_integer (0.01s)
    --- PASS: TestTimezone/roundtrip (0.01s)
        --- PASS: TestTimezone/roundtrip/default_format (0.00s)
        --- PASS: TestTimezone/roundtrip/sqlite_format (0.01s)
=== RUN   TestTimezoneBad
--- PASS: TestTimezoneBad (0.00s)
=== RUN   TestIntToTimeDefaultOff
--- PASS: TestIntToTimeDefaultOff (0.01s)
=== RUN   TestIntToTimeOptIn
--- PASS: TestIntToTimeOptIn (0.01s)
=== RUN   TestIntToTimeOptInBad
--- PASS: TestIntToTimeOptInBad (0.00s)
=== RUN   TestTextToTimeScanType
=== RUN   TestTextToTimeScanType/default
=== RUN   TestTextToTimeScanType/opt-in
--- PASS: TestTextToTimeScanType (0.02s)
    --- PASS: TestTextToTimeScanType/default (0.01s)
    --- PASS: TestTextToTimeScanType/opt-in (0.01s)
=== RUN   TestTextToTimeAggregates
--- PASS: TestTextToTimeAggregates (0.01s)
=== RUN   TestTextToTimeBad
--- PASS: TestTextToTimeBad (0.00s)
=== RUN   TestBinding
=== RUN   TestBinding/DB
=== RUN   TestBinding/Prepare
--- PASS: TestBinding (0.02s)
    --- PASS: TestBinding/DB (0.01s)
    --- PASS: TestBinding/Prepare (0.01s)
=== RUN   TestBindingError
=== RUN   TestBindingError/DB
=== RUN   TestBindingError/Prepare
--- PASS: TestBindingError (0.01s)
    --- PASS: TestBindingError/DB (0.01s)
    --- PASS: TestBindingError/Prepare (0.01s)
=== RUN   TestIssue51
    all_test.go:2296: cycles: 2450
    all_test.go:2302: DB records: 2450
--- PASS: TestIssue51 (60.05s)
=== RUN   TestIssue53
--- PASS: TestIssue53 (2.10s)
=== RUN   TestPersistPragma
--- PASS: TestPersistPragma (0.04s)
=== RUN   TestConnectionHook
--- PASS: TestConnectionHook (0.00s)
=== RUN   TestInMemory
--- PASS: TestInMemory (0.01s)
=== RUN   TestIssue70
--- PASS: TestIssue70 (0.00s)
=== RUN   TestIssue66
    all_test.go:2770: insert 2: database is locked (5) (SQLITE_BUSY)
--- PASS: TestIssue66 (0.03s)
=== RUN   TestIssue65
    all_test.go:2872: readFunc(true): read error: database is locked (5) (SQLITE_BUSY)
--- PASS: TestIssue65 (2.52s)
=== RUN   TestConstraintPrimaryKeyError
--- PASS: TestConstraintPrimaryKeyError (0.00s)
=== RUN   TestConstraintUniqueError
--- PASS: TestConstraintUniqueError (0.00s)
=== RUN   TestOpenV2FailureErrorMessage
--- PASS: TestOpenV2FailureErrorMessage (0.00s)
=== RUN   TestColumnTypeScanType
--- PASS: TestColumnTypeScanType (0.00s)
=== RUN   TestBeginMode
=== RUN   TestBeginMode/delete/deferred
=== RUN   TestBeginMode/wal/deferred
=== RUN   TestBeginMode/delete/immediate
=== RUN   TestBeginMode/wal/immediate
=== RUN   TestBeginMode/delete/exclusive
=== RUN   TestBeginMode/wal/exclusive
--- PASS: TestBeginMode (0.06s)
    --- PASS: TestBeginMode/delete/deferred (0.00s)
    --- PASS: TestBeginMode/wal/deferred (0.01s)
    --- PASS: TestBeginMode/delete/immediate (0.00s)
    --- PASS: TestBeginMode/wal/immediate (0.02s)
    --- PASS: TestBeginMode/delete/exclusive (0.00s)
    --- PASS: TestBeginMode/wal/exclusive (0.01s)
=== RUN   TestCancelRace
=== RUN   TestCancelRace/db.ExecContext
=== RUN   TestCancelRace/db.QueryContext
=== RUN   TestCancelRace/tx.ExecContext
=== RUN   TestCancelRace/tx.QueryContext
--- PASS: TestCancelRace (0.10s)
    --- PASS: TestCancelRace/db.ExecContext (0.01s)
    --- PASS: TestCancelRace/db.QueryContext (0.04s)
    --- PASS: TestCancelRace/tx.ExecContext (0.02s)
    --- PASS: TestCancelRace/tx.QueryContext (0.03s)
=== RUN   TestVFS
    all_test.go:3245: [1 2 3 40 50 60]
    all_test.go:3267: [123 xyz abc def]
--- PASS: TestVFS (0.01s)
=== RUN   TestColumnInfo
=== RUN   TestColumnInfo/direct_column_refs
=== RUN   TestColumnInfo/aliased_column_keeps_origin
=== RUN   TestColumnInfo/expression_has_no_origin
=== RUN   TestColumnInfo/constant_has_no_origin
=== RUN   TestColumnInfo/mixed
=== RUN   TestColumnInfo/view_resolves_to_underlying_table
=== RUN   TestColumnInfo/select_star
=== RUN   TestColumnInfo/no_output_columns_(comment_only)
--- PASS: TestColumnInfo (0.02s)
    --- PASS: TestColumnInfo/direct_column_refs (0.00s)
    --- PASS: TestColumnInfo/aliased_column_keeps_origin (0.00s)
    --- PASS: TestColumnInfo/expression_has_no_origin (0.00s)
    --- PASS: TestColumnInfo/constant_has_no_origin (0.00s)
    --- PASS: TestColumnInfo/mixed (0.00s)
    --- PASS: TestColumnInfo/view_resolves_to_underlying_table (0.01s)
    --- PASS: TestColumnInfo/select_star (0.00s)
    --- PASS: TestColumnInfo/no_output_columns_(comment_only) (0.00s)
=== RUN   TestLimit
    all_test.go:3825: Default maximum column count: 2000
    all_test.go:3841: Maximum column count now (should be 100): 100
--- PASS: TestLimit (0.00s)
=== RUN   TestIssue152
=== RUN   TestIssue152/SELECT_1_WHERE_false
=== RUN   TestIssue152/--_just_a_comment
=== RUN   TestIssue152/#00
--- PASS: TestIssue152 (0.01s)
    --- PASS: TestIssue152/SELECT_1_WHERE_false (0.00s)
    --- PASS: TestIssue152/--_just_a_comment (0.00s)
    --- PASS: TestIssue152/#00 (0.00s)
=== RUN   TestIssue153
=== RUN   TestIssue153/SELECT_1_WHERE_false
=== RUN   TestIssue153/--_just_a_comment
=== RUN   TestIssue153/#00
--- PASS: TestIssue153 (0.01s)
    --- PASS: TestIssue153/SELECT_1_WHERE_false (0.00s)
    --- PASS: TestIssue153/--_just_a_comment (0.00s)
    --- PASS: TestIssue153/#00 (0.00s)
=== RUN   TestCollation
=== RUN   TestCollation/use_TESTCOLLATION
=== RUN   TestCollation/select_aaa
=== RUN   TestCollation/select_all_rows_in_order
--- PASS: TestCollation (0.01s)
    --- PASS: TestCollation/select_aaa (0.00s)
    --- PASS: TestCollation/select_all_rows_in_order (0.00s)
    --- PASS: TestCollation/use_TESTCOLLATION (0.01s)
=== RUN   TestIssue171
--- PASS: TestIssue171 (5.38s)
=== RUN   TestIssue209
=== RUN   TestIssue209/non-empty-blob
=== RUN   TestIssue209/empty-blob
--- PASS: TestIssue209 (0.05s)
    --- PASS: TestIssue209/non-empty-blob (0.01s)
    --- PASS: TestIssue209/empty-blob (0.00s)
=== RUN   TestIsReadOnly
--- PASS: TestIsReadOnly (0.02s)
=== RUN   TestTxCommitBusyFix
--- PASS: TestTxCommitBusyFix (0.03s)
=== RUN   TestMultiStmtQueryStringRoundtrip
--- PASS: TestMultiStmtQueryStringRoundtrip (0.00s)
=== RUN   TestExecReturningMultiRow
--- PASS: TestExecReturningMultiRow (0.01s)
=== RUN   TestExecReturningMultiStatement
--- PASS: TestExecReturningMultiStatement (0.00s)
=== RUN   TestExecReturningCancelDuringDrain
--- PASS: TestExecReturningCancelDuringDrain (0.14s)
=== RUN   TestDBPageVtab
--- PASS: TestDBPageVtab (0.01s)
=== RUN   TestInMemoryDBSurvivesContextCancel
=== RUN   TestInMemoryDBSurvivesContextCancel/in-memory
=== RUN   TestInMemoryDBSurvivesContextCancel/file-backed_connection_still_discarded_on_interrupt
--- PASS: TestInMemoryDBSurvivesContextCancel (0.02s)
    --- PASS: TestInMemoryDBSurvivesContextCancel/in-memory (0.01s)
    --- PASS: TestInMemoryDBSurvivesContextCancel/file-backed_connection_still_discarded_on_interrupt (0.00s)
=== RUN   TestBackupCommitClosesConnOnError
    backup_test.go:81: chmod did not restrict writes on this platform
    backup_test.go:82: could not provoke backup error on this platform; skipping
--- SKIP: TestBackupCommitClosesConnOnError (0.02s)
=== RUN   TestBackupProgress
--- PASS: TestBackupProgress (0.04s)
=== RUN   TestArgFinder
--- PASS: TestArgFinder (0.24s)
=== RUN   TestBindManyParameters
=== RUN   TestBindManyParameters/?
=== RUN   TestBindManyParameters/?N
=== RUN   TestBindManyParameters/$N
=== RUN   TestBindManyParameters/:name
=== RUN   TestBindManyParameters/@name
=== RUN   TestBindManyParameters/$name
--- PASS: TestBindManyParameters (1.02s)
    --- PASS: TestBindManyParameters/? (0.04s)
    --- PASS: TestBindManyParameters/?N (0.08s)
    --- PASS: TestBindManyParameters/$N (0.20s)
    --- PASS: TestBindManyParameters/:name (0.26s)
    --- PASS: TestBindManyParameters/@name (0.23s)
    --- PASS: TestBindManyParameters/$name (0.21s)
=== RUN   TestColumnTextScan
--- PASS: TestColumnTextScan (0.01s)
=== RUN   TestColumnTypeDatabaseTypeNameCache
--- PASS: TestColumnTypeDatabaseTypeNameCache (0.00s)
=== RUN   TestColumnTypeScanTypeDecltypeCache
=== RUN   TestColumnTypeScanTypeDecltypeCache/BOOLEAN_INTEGER_default
=== RUN   TestColumnTypeScanTypeDecltypeCache/BOOLEAN_INTEGER_+__texttotime
=== RUN   TestColumnTypeScanTypeDecltypeCache/DATE_INTEGER_default
=== RUN   TestColumnTypeScanTypeDecltypeCache/DATETIME_INTEGER_default
=== RUN   TestColumnTypeScanTypeDecltypeCache/TIME_INTEGER_default
=== RUN   TestColumnTypeScanTypeDecltypeCache/TIMESTAMP_INTEGER_default
=== RUN   TestColumnTypeScanTypeDecltypeCache/plain_INTEGER_default
=== RUN   TestColumnTypeScanTypeDecltypeCache/unrecognised_INTEGER_decltype
=== RUN   TestColumnTypeScanTypeDecltypeCache/plain_TEXT_default
=== RUN   TestColumnTypeScanTypeDecltypeCache/DATETIME_TEXT_default_(no_textToTime)
=== RUN   TestColumnTypeScanTypeDecltypeCache/DATE_TEXT_+__texttotime
=== RUN   TestColumnTypeScanTypeDecltypeCache/DATETIME_TEXT_+__texttotime
=== RUN   TestColumnTypeScanTypeDecltypeCache/TIME_TEXT_+__texttotime
=== RUN   TestColumnTypeScanTypeDecltypeCache/TIMESTAMP_TEXT_+__texttotime
=== RUN   TestColumnTypeScanTypeDecltypeCache/plain_TEXT_+__texttotime
--- PASS: TestColumnTypeScanTypeDecltypeCache (0.05s)
    --- PASS: TestColumnTypeScanTypeDecltypeCache/BOOLEAN_INTEGER_default (0.00s)
    --- PASS: TestColumnTypeScanTypeDecltypeCache/BOOLEAN_INTEGER_+__texttotime (0.00s)
    --- PASS: TestColumnTypeScanTypeDecltypeCache/DATE_INTEGER_default (0.00s)
    --- PASS: TestColumnTypeScanTypeDecltypeCache/DATETIME_INTEGER_default (0.00s)
    --- PASS: TestColumnTypeScanTypeDecltypeCache/TIME_INTEGER_default (0.00s)
    --- PASS: TestColumnTypeScanTypeDecltypeCache/TIMESTAMP_INTEGER_default (0.00s)
    --- PASS: TestColumnTypeScanTypeDecltypeCache/plain_INTEGER_default (0.00s)
    --- PASS: TestColumnTypeScanTypeDecltypeCache/unrecognised_INTEGER_decltype (0.00s)
    --- PASS: TestColumnTypeScanTypeDecltypeCache/plain_TEXT_default (0.00s)
    --- PASS: TestColumnTypeScanTypeDecltypeCache/DATETIME_TEXT_default_(no_textToTime) (0.00s)
    --- PASS: TestColumnTypeScanTypeDecltypeCache/DATE_TEXT_+__texttotime (0.00s)
    --- PASS: TestColumnTypeScanTypeDecltypeCache/DATETIME_TEXT_+__texttotime (0.00s)
    --- PASS: TestColumnTypeScanTypeDecltypeCache/TIME_TEXT_+__texttotime (0.00s)
    --- PASS: TestColumnTypeScanTypeDecltypeCache/TIMESTAMP_TEXT_+__texttotime (0.00s)
    --- PASS: TestColumnTypeScanTypeDecltypeCache/plain_TEXT_+__texttotime (0.00s)
=== RUN   TestParseTimeFormatCache
--- PASS: TestParseTimeFormatCache (0.00s)
=== RUN   TestConnectorOpenDB
--- PASS: TestConnectorOpenDB (0.00s)
=== RUN   TestConnectorAppliesGlobalRegistrations
--- PASS: TestConnectorAppliesGlobalRegistrations (0.00s)
=== RUN   TestConnectorDriverIsRegisteredDriver
--- PASS: TestConnectorDriverIsRegisteredDriver (0.00s)
=== RUN   TestConnectorWrapping
--- PASS: TestConnectorWrapping (0.00s)
=== RUN   TestConnectorRejectsMalformedQuery
--- PASS: TestConnectorRejectsMalformedQuery (0.00s)
=== RUN   TestConnectorDefersValueValidation
--- PASS: TestConnectorDefersValueValidation (0.00s)
=== RUN   TestConnectorContextCanceled
--- PASS: TestConnectorContextCanceled (0.00s)
=== RUN   TestConnectorDSNSplitMatchesOpen
--- PASS: TestConnectorDSNSplitMatchesOpen (0.00s)
=== RUN   TestDBStatusSchemaUsedGrows
--- PASS: TestDBStatusSchemaUsedGrows (0.13s)
=== RUN   TestDBStatusCacheHitReset
--- PASS: TestDBStatusCacheHitReset (8.13s)
=== RUN   TestDBStatusLookasideHitInHighwater
--- PASS: TestDBStatusLookasideHitInHighwater (1.41s)
=== RUN   TestDBStatusUnknownOpErrors
--- PASS: TestDBStatusUnknownOpErrors (0.00s)
=== RUN   TestDefensiveConfigCallVaList
--- PASS: TestDefensiveConfigCallVaList (0.00s)
=== RUN   TestDefensiveDSNValidation
=== RUN   TestDefensiveDSNValidation/invalid
=== RUN   TestDefensiveDSNValidation/empty
=== RUN   TestDefensiveDSNValidation/duplicate_same
=== RUN   TestDefensiveDSNValidation/duplicate_conflicting
--- PASS: TestDefensiveDSNValidation (0.01s)
    --- PASS: TestDefensiveDSNValidation/invalid (0.00s)
    --- PASS: TestDefensiveDSNValidation/empty (0.00s)
    --- PASS: TestDefensiveDSNValidation/duplicate_same (0.00s)
    --- PASS: TestDefensiveDSNValidation/duplicate_conflicting (0.00s)
=== RUN   TestDefensiveModeBlocksDangerousOperations
--- PASS: TestDefensiveModeBlocksDangerousOperations (0.04s)
=== RUN   TestDefensiveModeAppliesBeforeUserPragma
--- PASS: TestDefensiveModeAppliesBeforeUserPragma (0.00s)
=== RUN   TestDefensiveModeAppliesToEveryPhysicalConnection
--- PASS: TestDefensiveModeAppliesToEveryPhysicalConnection (0.04s)
=== RUN   TestDefensiveOffPoolIsANegativeControl
--- PASS: TestDefensiveOffPoolIsANegativeControl (0.12s)
=== RUN   TestDefensiveBooleanForms
=== RUN   TestDefensiveBooleanForms/on_1
=== RUN   TestDefensiveBooleanForms/on_true
=== RUN   TestDefensiveBooleanForms/on_TRUE
=== RUN   TestDefensiveBooleanForms/on_t
--- PASS: TestDefensiveBooleanForms (0.13s)
    --- PASS: TestDefensiveBooleanForms/on_1 (0.03s)
    --- PASS: TestDefensiveBooleanForms/on_true (0.03s)
    --- PASS: TestDefensiveBooleanForms/on_TRUE (0.03s)
    --- PASS: TestDefensiveBooleanForms/on_t (0.04s)
=== RUN   TestDefensiveAbsentOrFalseIsBaseline
=== RUN   TestDefensiveAbsentOrFalseIsBaseline/#00
=== RUN   TestDefensiveAbsentOrFalseIsBaseline/?_defensive=0
=== RUN   TestDefensiveAbsentOrFalseIsBaseline/?_defensive=false
=== RUN   TestDefensiveAbsentOrFalseIsBaseline/?_defensive=FALSE
=== RUN   TestDefensiveAbsentOrFalseIsBaseline/?_defensive=f
--- PASS: TestDefensiveAbsentOrFalseIsBaseline (0.16s)
    --- PASS: TestDefensiveAbsentOrFalseIsBaseline/#00 (0.03s)
    --- PASS: TestDefensiveAbsentOrFalseIsBaseline/?_defensive=0 (0.03s)
    --- PASS: TestDefensiveAbsentOrFalseIsBaseline/?_defensive=false (0.03s)
    --- PASS: TestDefensiveAbsentOrFalseIsBaseline/?_defensive=FALSE (0.03s)
    --- PASS: TestDefensiveAbsentOrFalseIsBaseline/?_defensive=f (0.02s)
=== RUN   TestDefensiveRejectsJournalModeOff
=== RUN   TestDefensiveRejectsJournalModeOff/?_defensive=1&_journal_mode=OFF
=== RUN   TestDefensiveRejectsJournalModeOff/?_defensive=1&_journal_mode=off
=== RUN   TestDefensiveRejectsJournalModeOff/?_defensive=1&_journal=OFF
=== RUN   TestDefensiveRejectsJournalModeOff/?_defensive=true&_journal_mode=Off
=== RUN   TestDefensiveRejectsJournalModeOff/?_defensive=0&_journal_mode=OFF
=== RUN   TestDefensiveRejectsJournalModeOff/?_journal_mode=OFF
=== RUN   TestDefensiveRejectsJournalModeOff/?_defensive=1&_journal_mode=WAL
--- PASS: TestDefensiveRejectsJournalModeOff (0.06s)
    --- PASS: TestDefensiveRejectsJournalModeOff/?_defensive=1&_journal_mode=OFF (0.00s)
    --- PASS: TestDefensiveRejectsJournalModeOff/?_defensive=1&_journal_mode=off (0.00s)
    --- PASS: TestDefensiveRejectsJournalModeOff/?_defensive=1&_journal=OFF (0.00s)
    --- PASS: TestDefensiveRejectsJournalModeOff/?_defensive=true&_journal_mode=Off (0.00s)
    --- PASS: TestDefensiveRejectsJournalModeOff/?_defensive=0&_journal_mode=OFF (0.00s)
    --- PASS: TestDefensiveRejectsJournalModeOff/?_journal_mode=OFF (0.00s)
    --- PASS: TestDefensiveRejectsJournalModeOff/?_defensive=1&_journal_mode=WAL (0.03s)
=== RUN   TestDefensiveDSNForms
=== RUN   TestDefensiveDSNForms/path
=== RUN   TestDefensiveDSNForms/file_uri
=== RUN   TestDefensiveDSNForms/memory
=== RUN   TestDefensiveDSNForms/file_memory
--- PASS: TestDefensiveDSNForms (0.06s)
    --- PASS: TestDefensiveDSNForms/path (0.03s)
    --- PASS: TestDefensiveDSNForms/file_uri (0.02s)
    --- PASS: TestDefensiveDSNForms/memory (0.00s)
    --- PASS: TestDefensiveDSNForms/file_memory (0.00s)
=== RUN   TestDefensiveLeavesOrdinaryUseIntact
--- PASS: TestDefensiveLeavesOrdinaryUseIntact (0.25s)
=== RUN   TestDefensiveIsPerConnection
--- PASS: TestDefensiveIsPerConnection (0.06s)
=== RUN   TestDQSConfigCallVaList
--- PASS: TestDQSConfigCallVaList (0.00s)
=== RUN   TestDQSOptIn
=== RUN   TestDQSOptIn/default
=== RUN   TestDQSOptIn/explicit_on
=== RUN   TestDQSOptIn/off
--- PASS: TestDQSOptIn (0.01s)
    --- PASS: TestDQSOptIn/default (0.00s)
    --- PASS: TestDQSOptIn/explicit_on (0.00s)
    --- PASS: TestDQSOptIn/off (0.00s)
=== RUN   TestDQSInvalid
--- PASS: TestDQSInvalid (0.00s)
=== RUN   TestDriverRegisterOwnFunctions
--- PASS: TestDriverRegisterOwnFunctions (0.00s)
=== RUN   TestDriverRegisterDuplicate
--- PASS: TestDriverRegisterDuplicate (0.00s)
=== RUN   TestDriverRegisterIsolation
--- PASS: TestDriverRegisterIsolation (0.01s)
=== RUN   TestDriverRegisterSameModuleName
--- PASS: TestDriverRegisterSameModuleName (0.01s)
=== RUN   TestDriverRegisterConcurrent
--- PASS: TestDriverRegisterConcurrent (0.00s)
=== RUN   TestDriverGlobalModulesStillApply
--- PASS: TestDriverGlobalModulesStillApply (0.00s)
=== RUN   TestVtabRegisterModuleHonoursDB
--- PASS: TestVtabRegisterModuleHonoursDB (0.01s)
=== RUN   TestVtabRegisterModuleValidates
--- PASS: TestVtabRegisterModuleValidates (0.00s)
=== RUN   TestDSNPragmas
=== RUN   TestDSNPragmas/Test__pragma
=== RUN   TestDSNPragmas/Test__foreign_keys_|__fk
=== RUN   TestDSNPragmas/Test__busy_timeout_|__timeout
=== RUN   TestDSNPragmas/Test__journal_mode_|__journal
=== RUN   TestDSNPragmas/Test__synchronous_|__sync
=== RUN   TestDSNPragmas/Test__auto_vacuum_|__vacuum
=== RUN   TestDSNPragmas/Test__query_only
=== RUN   TestDSNPragmas/Test_combined_DSN
=== RUN   TestDSNPragmas/Test_empty_alias_suppresses_the_PRAGMA
=== RUN   TestDSNPragmas/Test_validation_precedes_application
--- PASS: TestDSNPragmas (0.58s)
    --- PASS: TestDSNPragmas/Test__pragma (0.01s)
    --- PASS: TestDSNPragmas/Test__foreign_keys_|__fk (0.04s)
    --- PASS: TestDSNPragmas/Test__busy_timeout_|__timeout (0.02s)
    --- PASS: TestDSNPragmas/Test__journal_mode_|__journal (0.07s)
    --- PASS: TestDSNPragmas/Test__synchronous_|__sync (0.05s)
    --- PASS: TestDSNPragmas/Test__auto_vacuum_|__vacuum (0.15s)
    --- PASS: TestDSNPragmas/Test__query_only (0.01s)
    --- PASS: TestDSNPragmas/Test_combined_DSN (0.07s)
    --- PASS: TestDSNPragmas/Test_empty_alias_suppresses_the_PRAGMA (0.01s)
    --- PASS: TestDSNPragmas/Test_validation_precedes_application (0.15s)
=== RUN   TestErrorRcOpenTimeUnopenable
=== RUN   TestErrorRcOpenTimeUnopenable/legacy_default
=== RUN   TestErrorRcOpenTimeUnopenable/explicit_off
=== RUN   TestErrorRcOpenTimeUnopenable/error_rc_on
--- PASS: TestErrorRcOpenTimeUnopenable (0.01s)
    --- PASS: TestErrorRcOpenTimeUnopenable/legacy_default (0.00s)
    --- PASS: TestErrorRcOpenTimeUnopenable/explicit_off (0.00s)
    --- PASS: TestErrorRcOpenTimeUnopenable/error_rc_on (0.00s)
=== RUN   TestErrorRcSyntaxErrorPreservesErrmsg
=== RUN   TestErrorRcSyntaxErrorPreservesErrmsg/#00
=== RUN   TestErrorRcSyntaxErrorPreservesErrmsg/_error_rc=0
=== RUN   TestErrorRcSyntaxErrorPreservesErrmsg/_error_rc=1
--- PASS: TestErrorRcSyntaxErrorPreservesErrmsg (0.01s)
    --- PASS: TestErrorRcSyntaxErrorPreservesErrmsg/#00 (0.00s)
    --- PASS: TestErrorRcSyntaxErrorPreservesErrmsg/_error_rc=0 (0.00s)
    --- PASS: TestErrorRcSyntaxErrorPreservesErrmsg/_error_rc=1 (0.00s)
=== RUN   TestErrstrForDBSuppressOnMismatch
=== RUN   TestErrstrForDBSuppressOnMismatch/legacy_mode_appends_errmsg
=== RUN   TestErrstrForDBSuppressOnMismatch/error_rc_mode_suppresses_errmsg
--- PASS: TestErrstrForDBSuppressOnMismatch (0.01s)
    --- PASS: TestErrstrForDBSuppressOnMismatch/legacy_mode_appends_errmsg (0.00s)
    --- PASS: TestErrstrForDBSuppressOnMismatch/error_rc_mode_suppresses_errmsg (0.00s)
=== RUN   TestErrorRcInvalidValue
--- PASS: TestErrorRcInvalidValue (0.00s)
=== RUN   TestFcntlDataVersion
--- PASS: TestFcntlDataVersion (0.14s)
=== RUN   TestFcntlPersistWAL
=== RUN   TestFcntlPersistWAL/WAL_is_cleaned_up_without_persist_WAL
=== RUN   TestFcntlPersistWAL/WAL_is_not_cleaned_up_with_persist_WAL
--- PASS: TestFcntlPersistWAL (0.22s)
    --- PASS: TestFcntlPersistWAL/WAL_is_cleaned_up_without_persist_WAL (0.10s)
    --- PASS: TestFcntlPersistWAL/WAL_is_not_cleaned_up_with_persist_WAL (0.11s)
=== RUN   TestFunctionContextIdentity
--- PASS: TestFunctionContextIdentity (0.01s)
=== RUN   TestFunctionContextConcurrent
--- PASS: TestFunctionContextConcurrent (0.16s)
=== RUN   TestFunctionContextNested
--- PASS: TestFunctionContextNested (0.06s)
=== RUN   TestFunctionContextPerCall
--- PASS: TestFunctionContextPerCall (0.03s)
=== RUN   TestRegisteredFunctions
=== RUN   TestRegisteredFunctions/int64
=== RUN   TestRegisteredFunctions/float64
=== RUN   TestRegisteredFunctions/error
=== RUN   TestRegisteredFunctions/empty_byte_slice
=== RUN   TestRegisteredFunctions/nonempty_byte_slice
=== RUN   TestRegisteredFunctions/empty_string
=== RUN   TestRegisteredFunctions/nonempty_string
=== RUN   TestRegisteredFunctions/null
=== RUN   TestRegisteredFunctions/dates
=== RUN   TestRegisteredFunctions/md5
=== RUN   TestRegisteredFunctions/md5_with_blob_input
=== RUN   TestRegisteredFunctions/regexp_filter
[foo.* seafood]
[foo.* fruit]
=== RUN   TestRegisteredFunctions/regexp_matches
[foo.* seafood]
=== RUN   TestRegisteredFunctions/regexp_does_not_match
[foo.* fruit]
=== RUN   TestRegisteredFunctions/regexp_errors_on_bad_regexp
[a(b seafood]
=== RUN   TestRegisteredFunctions/regexp_errors_on_bad_first_argument
[a(b 1]
=== RUN   TestRegisteredFunctions/regexp_errors_on_bad_second_argument
=== RUN   TestRegisteredFunctions/sumFunction_type_error
=== RUN   TestRegisteredFunctions/sumFunction_multiple_columns
=== RUN   TestRegisteredFunctions/sumFunction_as_window_function
=== RUN   TestRegisteredFunctions/aggregate_function_cannot_be_created
=== RUN   TestRegisteredFunctions/null_aggregate_function_pointer
=== RUN   TestRegisteredFunctions/serialize_and_deserialize
=== RUN   TestRegisteredFunctions/serialize_and_deserialize_allocator
=== RUN   TestRegisteredFunctions/backup_and_restore
=== RUN   TestRegisteredFunctions/backup,_commit_and_close
=== RUN   TestRegisteredFunctions/restore_init_failure_reads_error_from_dest_handle
=== RUN   TestRegisteredFunctions/backup_init_failure_reads_error_from_dest_handle
=== RUN   TestRegisteredFunctions/QueryContext_with_context_expired
=== RUN   TestRegisteredFunctions/QueryContext_with_context_expiring
=== RUN   TestRegisteredFunctions/QueryContext_with_successful_interruption_should_not_leak_unclosed_Rows
=== RUN   TestRegisteredFunctions/ExecContext_with_context_expired
=== RUN   TestRegisteredFunctions/ExecContext_with_context_expiring
--- PASS: TestRegisteredFunctions (401.06s)
    --- PASS: TestRegisteredFunctions/int64 (0.00s)
    --- PASS: TestRegisteredFunctions/float64 (0.00s)
    --- PASS: TestRegisteredFunctions/error (0.01s)
    --- PASS: TestRegisteredFunctions/empty_byte_slice (0.01s)
    --- PASS: TestRegisteredFunctions/nonempty_byte_slice (0.00s)
    --- PASS: TestRegisteredFunctions/empty_string (0.00s)
    --- PASS: TestRegisteredFunctions/nonempty_string (0.00s)
    --- PASS: TestRegisteredFunctions/null (0.00s)
    --- PASS: TestRegisteredFunctions/dates (0.01s)
    --- PASS: TestRegisteredFunctions/md5 (0.01s)
    --- PASS: TestRegisteredFunctions/md5_with_blob_input (0.01s)
    --- PASS: TestRegisteredFunctions/regexp_filter (0.01s)
    --- PASS: TestRegisteredFunctions/regexp_matches (0.01s)
    --- PASS: TestRegisteredFunctions/regexp_does_not_match (0.00s)
    --- PASS: TestRegisteredFunctions/regexp_errors_on_bad_regexp (0.01s)
    --- PASS: TestRegisteredFunctions/regexp_errors_on_bad_first_argument (0.01s)
    --- PASS: TestRegisteredFunctions/regexp_errors_on_bad_second_argument (0.01s)
    --- PASS: TestRegisteredFunctions/sumFunction_type_error (0.01s)
    --- PASS: TestRegisteredFunctions/sumFunction_multiple_columns (0.01s)
    --- PASS: TestRegisteredFunctions/sumFunction_as_window_function (0.01s)
    --- PASS: TestRegisteredFunctions/aggregate_function_cannot_be_created (0.00s)
    --- PASS: TestRegisteredFunctions/null_aggregate_function_pointer (0.01s)
    --- PASS: TestRegisteredFunctions/serialize_and_deserialize (0.02s)
    --- PASS: TestRegisteredFunctions/serialize_and_deserialize_allocator (0.01s)
    --- PASS: TestRegisteredFunctions/backup_and_restore (0.06s)
    --- PASS: TestRegisteredFunctions/backup,_commit_and_close (0.02s)
    --- PASS: TestRegisteredFunctions/restore_init_failure_reads_error_from_dest_handle (0.05s)
    --- PASS: TestRegisteredFunctions/backup_init_failure_reads_error_from_dest_handle (0.04s)
    --- PASS: TestRegisteredFunctions/QueryContext_with_context_expired (0.01s)
    --- PASS: TestRegisteredFunctions/QueryContext_with_context_expiring (200.22s)
    --- PASS: TestRegisteredFunctions/QueryContext_with_successful_interruption_should_not_leak_unclosed_Rows (0.11s)
    --- PASS: TestRegisteredFunctions/ExecContext_with_context_expired (0.06s)
    --- PASS: TestRegisteredFunctions/ExecContext_with_context_expiring (200.25s)
=== RUN   TestVolatileArgsScalar
--- PASS: TestVolatileArgsScalar (0.02s)
=== RUN   TestVolatileArgsAggregate
--- PASS: TestVolatileArgsAggregate (0.02s)
=== RUN   TestOpenV2FailureResourceLeak
    leak_test.go:44: requires -tags memory.counters
--- SKIP: TestOpenV2FailureResourceLeak (0.07s)
=== RUN   TestMultiStmtNopAllocsLeak
    leak_test.go:110: allocs before=0 after=0 delta=0
--- PASS: TestMultiStmtNopAllocsLeak (1.54s)
=== RUN   TestMultiStmtErrorAllocsLeak
    leak_test.go:168: allocs before=0 after=0 delta=0
--- PASS: TestMultiStmtErrorAllocsLeak (1.20s)
=== RUN   TestMultiStmtOrphanedRowsOnError
    leak_test.go:225: allocs before=0 after=0 delta=0
--- PASS: TestMultiStmtOrphanedRowsOnError (1.26s)
=== RUN   TestDummyModuleVtab
--- PASS: TestDummyModuleVtab (0.03s)
=== RUN   TestVtabConstraintArgIndex
--- PASS: TestVtabConstraintArgIndex (0.02s)
=== RUN   TestVtabOmitConstraintEffect
--- PASS: TestVtabOmitConstraintEffect (0.03s)
=== RUN   TestVtabMatchConstraint
--- PASS: TestVtabMatchConstraint (0.03s)
=== RUN   TestVtabConstraintOperators
--- PASS: TestVtabConstraintOperators (0.03s)
=== RUN   TestVtabIdxNumOverflowError
--- PASS: TestVtabIdxNumOverflowError (0.01s)
=== RUN   TestVtabColumnUnsupportedValueErrorMessage
--- PASS: TestVtabColumnUnsupportedValueErrorMessage (0.01s)
=== RUN   TestVtabUpdaterInsertUpdateDelete
--- PASS: TestVtabUpdaterInsertUpdateDelete (0.07s)
=== RUN   TestVTabVolatileFilter
--- PASS: TestVTabVolatileFilter (0.03s)
=== RUN   TestVTabVolatileUpdate
--- PASS: TestVTabVolatileUpdate (0.02s)
=== RUN   TestNullBinding
--- PASS: TestNullBinding (0.01s)
=== RUN   TestOFDLockingTooLate
--- PASS: TestOFDLockingTooLate (0.05s)
=== RUN   TestPcacheBindingPinnedContract
=== RUN   TestPcacheBindingPinnedContract/retained_while_pinned
=== RUN   TestPcacheBindingPinnedContract/replaced_while_pinned
=== RUN   TestPcacheBindingPinnedContract/dropped_while_pinned
=== RUN   TestPcacheBindingPinnedContract/replaced_after_unpin
=== RUN   TestPcacheBindingPinnedContract/dropped_after_unpin
--- PASS: TestPcacheBindingPinnedContract (0.05s)
    --- PASS: TestPcacheBindingPinnedContract/retained_while_pinned (0.01s)
    --- PASS: TestPcacheBindingPinnedContract/replaced_while_pinned (0.00s)
    --- PASS: TestPcacheBindingPinnedContract/dropped_while_pinned (0.00s)
    --- PASS: TestPcacheBindingPinnedContract/replaced_after_unpin (0.00s)
    --- PASS: TestPcacheBindingPinnedContract/dropped_after_unpin (0.00s)
=== RUN   TestPCacheMethods2Layout
--- PASS: TestPCacheMethods2Layout (0.00s)
=== RUN   TestRegisterPageCacheNil
--- PASS: TestRegisterPageCacheNil (0.00s)
=== RUN   TestRegisterPageCacheLifecycle
    pagecache_test.go:120: pcacheState already polluted by an earlier test in this run; lifecycle test must run before any sql.Open call
--- SKIP: TestRegisterPageCacheLifecycle (0.00s)
=== RUN   TestOpenGateConcurrentReaders
--- PASS: TestOpenGateConcurrentReaders (0.01s)
=== RUN   TestPCacheIDGen
--- PASS: TestPCacheIDGen (0.00s)
=== RUN   TestSEHTruncatedShm
--- FAIL: TestSEHTruncatedShm (0.07s)
panic: runtime error: invalid memory address or nil pointer dereference [recovered, repanicked]
[signal SIGBUS: bus error code=0x2 addr=0x0 pc=0x356270]

goroutine 947291 [running]:
testing.tRunner.func1.2({0x9215d0, 0x9b02e0})
	/home/fmoehlenhoff/.local/go1.27.1/src/testing/testing.go:2123 +0x1a0
testing.tRunner.func1()
	/home/fmoehlenhoff/.local/go1.27.1/src/testing/testing.go:2126 +0x2c8
panic({0x9215d0?, 0x9b02e0?})
	/home/fmoehlenhoff/.local/go1.27.1/src/runtime/panic.go:859 +0x120
modernc.org/sqlite/lib._modernc_seh_try.func1()
	/home/fmoehlenhoff/go/pkg/mod/modernc.org/sqlite@v1.60.1/lib/seh.go:103 +0xd0
panic({0x9215d0?, 0x9b02e0?})
	/home/fmoehlenhoff/.local/go1.27.1/src/runtime/panic.go:859 +0x120
modernc.org/libc.Xmemcpy(...)
	/home/fmoehlenhoff/go/pkg/mod/modernc.org/libc@v1.77.1/native_musl.go:40
modernc.org/sqlite/lib._walIndexTryHdr(0x4bfb41080b0, 0x78d70d2bf228, 0x78d6ccb20020)
	/home/fmoehlenhoff/go/pkg/mod/modernc.org/sqlite@v1.60.1/lib/sqlite_g_000000000001fea8.go:17116 +0x100
modernc.org/sqlite/lib._walIndexReadHdr(0x4bfb41080b0, 0x78d70d2bf228, 0x78d6ccb20020)
	/home/fmoehlenhoff/go/pkg/mod/modernc.org/sqlite@v1.60.1/lib/sqlite_g_000000000001ffff.go:13117 +0x114
modernc.org/sqlite/lib._walTryBeginRead(0x4bfb41080b0, 0x78d70d2bf228, 0x78d6ccb20020, 0x0, 0x4bfb417db40?)
	/home/fmoehlenhoff/go/pkg/mod/modernc.org/sqlite@v1.60.1/lib/sqlite_g_000000000001feab.go:24986 +0x108
modernc.org/sqlite/lib._walBeginReadTransaction(0x4bfb41080b0, 0x78d70d2bf228, 0x78d6ccb20020)
	/home/fmoehlenhoff/go/pkg/mod/modernc.org/sqlite@v1.60.1/lib/sqlite_g_000000000003fea8.go:2584 +0x12c
modernc.org/sqlite/lib._walSehBeginReadTransaction(0x4bfb41080b0?, 0x78d6cbfb7960?, 0x4bfb417dc08?)
	/home/fmoehlenhoff/go/pkg/mod/modernc.org/sqlite@v1.60.1/lib/sqlite.go:39802 +0x1c
modernc.org/sqlite/lib._modernc_seh_try(0x4bfb41080b0, 0x78d70d2bf228, 0x9607e8, 0x78d6ccb20020, 0x9607e0)
	/home/fmoehlenhoff/go/pkg/mod/modernc.org/sqlite@v1.60.1/lib/seh.go:115 +0xa8
modernc.org/sqlite/lib._walSehTry(...)
	/home/fmoehlenhoff/go/pkg/mod/modernc.org/sqlite@v1.60.1/lib/sqlite.go:39842
modernc.org/sqlite/lib._sqlite3WalBeginReadTransaction(0x4bfb417dd98?, 0x2ca494?, 0x4bfb41080b0?)
	/home/fmoehlenhoff/go/pkg/mod/modernc.org/sqlite@v1.60.1/lib/sqlite.go:38178 +0x54
modernc.org/sqlite/lib._pagerBeginReadTransaction(0x4bfb41080b0, 0x78d6cbfb7828)
	/home/fmoehlenhoff/go/pkg/mod/modernc.org/sqlite@v1.60.1/lib/sqlite_g_0000000000063fff.go:38 +0x88
modernc.org/sqlite/lib._sqlite3PagerSharedLock(0x4bfb41080b0, 0x78d6cbfb7828)
	/home/fmoehlenhoff/go/pkg/mod/modernc.org/sqlite@v1.60.1/lib/sqlite_g_0000000000003a20.go:189 +0x4ec
modernc.org/sqlite/lib._lockBtree(0x4bfb41080b0, 0x78d6cbc79c28)
	/home/fmoehlenhoff/go/pkg/mod/modernc.org/sqlite@v1.60.1/lib/sqlite_g_0000000000003e80.go:7474 +0x84
modernc.org/sqlite/lib._btreeBeginTrans(0x4bfb41080b0, 0x78d6cbc64ba8, 0x0, 0x78d6cbfb6888)
	/home/fmoehlenhoff/go/pkg/mod/modernc.org/sqlite@v1.60.1/lib/sqlite_g_000000000001feab.go:1944 +0x2d0
modernc.org/sqlite/lib._sqlite3BtreeBeginTrans(0x0?, 0x1000000?, 0xb417e478?, 0x100320294?)
	/home/fmoehlenhoff/go/pkg/mod/modernc.org/sqlite@v1.60.1/lib/sqlite_g_000000000001ffff.go:6535 +0x3c
modernc.org/sqlite/lib._sqlite3VdbeExec(0x4bfb41080b0, 0x78d6ccb170a8)
	/home/fmoehlenhoff/go/pkg/mod/modernc.org/sqlite@v1.60.1/lib/sqlite_g_0000000000001a00.go:11533 +0x988
modernc.org/sqlite/lib._sqlite3Step(0x4bfb41080b0, 0x78d6ccb170a8)
	/home/fmoehlenhoff/go/pkg/mod/modernc.org/sqlite@v1.60.1/lib/sqlite_g_000000000001deab.go:3968 +0x68
modernc.org/sqlite/lib.Xsqlite3_step(0x4bfb41080b0, 0x78d6ccb170a8)
	/home/fmoehlenhoff/go/pkg/mod/modernc.org/sqlite@v1.60.1/lib/sqlite.go:12110 +0xc8
modernc.org/sqlite.(*conn).step(0x4bfb3a80360, 0x78d6ccb170a8)
	/home/fmoehlenhoff/go/pkg/mod/modernc.org/sqlite@v1.60.1/conn.go:435 +0x34
modernc.org/sqlite.(*stmt).query(0x4bfb3eb2168, {0x95ca48, 0x9e73a0}, {0x9e73a0, 0x0, 0x0})
	/home/fmoehlenhoff/go/pkg/mod/modernc.org/sqlite@v1.60.1/stmt.go:337 +0x13c
modernc.org/sqlite.(*conn).query(0x4bfb417f938?, {0x95ca48, 0x9e73a0}, {0x4d90d9?, 0x4bfb3eb2120?}, {0x9e73a0, 0x0, 0x0})
	/home/fmoehlenhoff/go/pkg/mod/modernc.org/sqlite@v1.60.1/conn.go:1210 +0x5c
modernc.org/sqlite.(*conn).QueryContext(0x95a860?, {0x95ca48?, 0x9e73a0?}, {0x4d90d9?, 0x4bfb417f9b8?}, {0x9e73a0?, 0x4bfb3c020d0?, 0x4bfb3a74480?})
	/home/fmoehlenhoff/go/pkg/mod/modernc.org/sqlite@v1.60.1/conn.go:1436 +0x2c
database/sql.ctxDriverQuery({0x95ca48?, 0x9e73a0?}, {0x78d70d376e80?, 0x4bfb3a80360?}, {0x0?, 0x0?}, {0x4d90d9?, 0x4bfb3c020f0?}, {0x9e73a0?, 0x4024d4?, ...})
	/home/fmoehlenhoff/.local/go1.27.1/src/database/sql/ctxutil.go:48 +0xa8
database/sql.(*DB).queryDC.func1()
	/home/fmoehlenhoff/.local/go1.27.1/src/database/sql/sql.go:1791 +0xe0
database/sql.withLock({0x95b9c0, 0x4bfb3a74480}, 0x4bfb417fb98)
	/home/fmoehlenhoff/.local/go1.27.1/src/database/sql/sql.go:3621 +0x74
database/sql.(*DB).queryDC(0x10?, {0x95ca48, 0x9e73a0}, {0x0, 0x0}, 0x4bfb3a74480, 0x4bfb3d523d0, {0x4d90d9, 0x16}, {0x0, ...})
	/home/fmoehlenhoff/.local/go1.27.1/src/database/sql/sql.go:1786 +0x104
database/sql.(*DB).query(0x4bfb3c020d0, {0x95ca48, 0x9e73a0}, {0x4d90d9, 0x16}, {0x0, 0x0, 0x0}, 0x8?)
	/home/fmoehlenhoff/.local/go1.27.1/src/database/sql/sql.go:1769 +0xbc
database/sql.(*DB).QueryContext.func1(0x78?)
	/home/fmoehlenhoff/.local/go1.27.1/src/database/sql/sql.go:1747 +0x40
database/sql.(*DB).retry(0x0?, 0x4bfb417fd90)
	/home/fmoehlenhoff/.local/go1.27.1/src/database/sql/sql.go:1581 +0x4c
database/sql.(*DB).QueryContext(0x4bfb417fe28?, {0x95ca48?, 0x9e73a0?}, {0x4d90d9?, 0x2d?}, {0x0?, 0x4bfb417fe58?, 0x49315c?})
	/home/fmoehlenhoff/.local/go1.27.1/src/database/sql/sql.go:1746 +0x64
database/sql.(*DB).QueryRowContext(...)
	/home/fmoehlenhoff/.local/go1.27.1/src/database/sql/sql.go:1847
database/sql.(*DB).QueryRow(0x4bfb3d4c540?, {0x4d90d9?, 0x0?}, {0x0?, 0x4bfb3b780f0?, 0x4bfb3b9b5fe?})
	/home/fmoehlenhoff/.local/go1.27.1/src/database/sql/sql.go:1861 +0x48
modernc.org/sqlite.TestSEHTruncatedShm(0x4bfb3b5e248)
	/home/fmoehlenhoff/go/pkg/mod/modernc.org/sqlite@v1.60.1/seh_test.go:95 +0x1e0
testing.tRunner(0x4bfb3b5e248, 0x95dde8)
	/home/fmoehlenhoff/.local/go1.27.1/src/testing/testing.go:2193 +0xc4
created by testing.(*T).Run in goroutine 1
	/home/fmoehlenhoff/.local/go1.27.1/src/testing/testing.go:2258 +0x3b8
# exit 2 after 592 s
