# 2026-10-06T13:04:09Z linux/amd64 s8_amd64.test -test.v -test.count=1 -test.timeout=1h 
# host: Linux 6.18.33.2-microsoft-standard-WSL2 x86_64; emulator: none
=== RUN   TestCrashChild
    crash_test.go:32: child process only
--- SKIP: TestCrashChild (0.00s)
=== RUN   TestCrashRecovery
=== RUN   TestCrashRecovery/commit
    crash_test.go:180: commit: killed after commit 39; recovered config_seq=39; WAL 23863072 bytes at reopen
=== RUN   TestCrashRecovery/checkpoint
    crash_test.go:180: checkpoint: killed after commit 60; recovered config_seq=60; WAL 94792 bytes at reopen
--- PASS: TestCrashRecovery (0.37s)
    --- PASS: TestCrashRecovery/commit (0.31s)
    --- PASS: TestCrashRecovery/checkpoint (0.06s)
=== RUN   TestPlatformAndVersion
    store_test.go:53: platform linux/amd64, Go go1.27.1, SQLite 3.53.4
--- PASS: TestPlatformAndVersion (0.01s)
=== RUN   TestPragmasOnEveryConnection
=== RUN   TestPragmasOnEveryConnection/FULL
=== RUN   TestPragmasOnEveryConnection/NORMAL
--- PASS: TestPragmasOnEveryConnection (0.02s)
    --- PASS: TestPragmasOnEveryConnection/FULL (0.01s)
    --- PASS: TestPragmasOnEveryConnection/NORMAL (0.01s)
=== RUN   TestReadersAreReadOnly
--- PASS: TestReadersAreReadOnly (0.01s)
=== RUN   TestInvalidInputRejected
=== RUN   TestInvalidInputRejected/unknown__txlock
=== RUN   TestInvalidInputRejected/multi-statement_pragma_runs_by_default
=== RUN   TestInvalidInputRejected/multi-statement_pragma_rejected_with_StrictPragmas
=== RUN   TestInvalidInputRejected/missing_directory
=== RUN   TestInvalidInputRejected/not_a_database
--- PASS: TestInvalidInputRejected (0.01s)
    --- PASS: TestInvalidInputRejected/unknown__txlock (0.00s)
    --- PASS: TestInvalidInputRejected/multi-statement_pragma_runs_by_default (0.00s)
    --- PASS: TestInvalidInputRejected/multi-statement_pragma_rejected_with_StrictPragmas (0.00s)
    --- PASS: TestInvalidInputRejected/missing_directory (0.00s)
    --- PASS: TestInvalidInputRejected/not_a_database (0.00s)
=== RUN   TestCompositeForeignKeys
--- PASS: TestCompositeForeignKeys (0.01s)
=== RUN   TestOneWriterConcurrentReaders
    store_test.go:323: 522 consistent read transactions during 40 commits
--- PASS: TestOneWriterConcurrentReaders (0.14s)
=== RUN   TestBusyTimeout
=== RUN   TestBusyTimeout/times_out
    store_test.go:360: SQLITE_BUSY after 303.404784ms
=== RUN   TestBusyTimeout/waits_and_succeeds
--- PASS: TestBusyTimeout (0.50s)
    --- PASS: TestBusyTimeout/times_out (0.31s)
    --- PASS: TestBusyTimeout/waits_and_succeeds (0.18s)
=== RUN   TestTransactionsUnderContention
--- PASS: TestTransactionsUnderContention (0.17s)
=== RUN   TestVacuumInto
    store_test.go:545: backup taken under load in 8.042292ms holds 980 routes
--- PASS: TestVacuumInto (0.13s)
PASS
# exit 0 after 2 s
